
FFB0: 86 00        LDA   #$0     ; Enable the ...
FFB2: B7 80 01     STA   $8001   ; ... direction ...
FFB5: B7 80 03     STA   $8003   ; ... registers

FFB8: 86 FF        LDA   #$FF    ; All ...    
FFBA: B7 80 00     STA   $8000   ; ... bits are ...
FFBD: B7 80 02     STA   $8002   ; ... outputs

FFC0: 86 04        LDA   #$4     ; Enable the ...
FFC2: B7 80 01     STA   $8001   ; ... data ...
FFC5: B7 80 03     STA   $8003   ; ... registers

FFC8: 86 C3        LDA   #$C3    ; Value 11000011 to ...
FFCA: B7 43 21     STA   $4321   ; ... memory

FFCD: 86 37        LDA   #$37    ; Change A and write ...
FFCF: B7 80 00     STA   $8000   ; value 00110111 to port A

FFC2: 7C 43 21     INC   $4321   ; memory now has 11000100
FFC5: 73 43 21     COM   $4321   ; memory now has 00111011 
FFC8: B6 43 21     LDA   $4321   ; read memory and ...
FFCB: B7 80 02     STA   $8002   ; ... write to port

FFCE: 20 FE        BRA   $FFE2   ; Loop forever

FFD0: FF FF FF FF FF FF FF FF
FFD8: FF FF FF FF FF FF FF FF

FFF0: FF B0 ; 6809 exceptions
FFF2: FF B0 ; SWI3
FFF4: FF B0 ; SWI2
FFF6: FF B0 ; FIRQ
FFF8: FF B0 ; IRQ
FFFA: FF B0 ; SWI
FFFC: FF B0 ; NMI
FFFE: FF B0 ; Reset